phone:
  - phone_id: 1
    number: 792526677
    emp_id: 1

